[tank] chained from run #113
[tank] local_agent provider=openrouter_agent
[tank] project profile: Primary language: powershell. Source files: powershell (745), python (1). Project markers: none. Suggested test command: pytest -q.
[tank] read 24 file(s): PowerShell-main/scripts/LocalUsersAndGroups/Create-LocalAdminAccount.ps1, PowerShell-main/scripts/Office-365/Add-UserToSharedMailbox/Add-UserToSharedMailbox.ps1, PowerShell-main/scripts/Printing/Declare-PrintDrivers.ps1, PowerShell-main/scripts/LocalUsersAndGroups/Replace-LocalAdminPassword.ps1, PowerShell-main/scripts/Miscellaneous/Show-BalloonNotificationThenStartProcessOnUserClick.ps1, PowerShell-main/scripts/Outlook/Create-Rule_PopupWhenMessageWithAttachment.ps1, PowerShell-main/scripts/list-read-only-files.ps1, PowerShell-main/scripts/list-unused-files.ps1, PowerShell-main/scripts/ActiveDirectoryCertificateServices/Get-ADCS_Report.ps1, PowerShell-main/scripts/Office-365/Set-DefaultUserAsRoomsCalenderReviewer.ps1, PowerShell-main/scripts/weather-report.ps1, PowerShell-main/scripts/Miscellaneous/SearchAndListObject-WithRegularExpression/SearchAndListObject-WithRegularExpression.ps1, PowerShell-main/scripts/Multimedia/Rename-MediaFiles.ps1, PowerShell-main/scripts/Office-365/Get-CopyOnSharedboxForSendAsAndSendOnBehalfMessage.ps1, PowerShell-main/scripts/Outlook/List-AllMailboxAndPST.ps1, PowerShell-main/scripts/Security/Submit-SuspiciousFilesToMalwrCOM/Submit-SuspiciousFilesToMalwrCOM.ps1, PowerShell-main/scripts/check-hardware.ps1, PowerShell-main/scripts/check-ipv4-address.ps1, PowerShell-main/scripts/check-ipv6-address.ps1, PowerShell-main/scripts/check-mac-address.ps1, PowerShell-main/scripts/check-windows-system-files.ps1, PowerShell-main/scripts/check-xml-files.ps1, PowerShell-main/scripts/ActiveDirectory/Add-ContactToAD.ps1, PowerShell-main/scripts/ActiveDirectory/Create-ContactsOnAD.ps1
[tank] analysis mode: markdown report

=== Summary ===
The CityAdminConsole project contains a variety of PowerShell scripts aimed at managing local users, Office 365 mailboxes, printer drivers, and Active Directory contacts. However, there are gaps in hybrid IT administration capabilities, par

=== Report ===
## Executive Summary

The CityAdminConsole project contains a variety of PowerShell scripts aimed at managing local users, Office 365 mailboxes, printer drivers, and Active Directory contacts. However, there are gaps in hybrid IT administration capabilities, particularly concerning Entra ID Connect Delta Sync Force and Local AD/M365 Account Lifecycle Syncing. The scripts generally lack robust error handling and module checks, which are essential for production-ready scripts. Additionally, integration with the CityAdminConsole framework/menu structure is incomplete, requiring further mapping and documentation.

## Findings

1. **Create-LocalAdminAccount.ps1**: This script creates a local admin account and adds it to the local admin group. It lacks error handling for potential failures during user creation or group addition. The script uses hardcoded credentials, which is a security risk.

2. **Declare-PrintDrivers.ps1**: This script installs printer drivers from a network share and injects them into the spool service. It does not verify the existence of drivers before attempting installation, which could lead to errors if the drivers are missing.

3. **Replace-LocalAdminPassword.ps1**: This script replaces the password for the local admin account. It identifies the admin account by SID but lacks error handling for password change failures.

4. **Add-UserToSharedMailbox.ps1**: This script manages permissions for shared mailboxes in Office 365. It includes basic logging but lacks error handling for failed permission assignments.

5. **Get-CopyOnSharedboxForSendAsAndSendOnBehalfMessage.ps1**: This script enables message copying for shared mailboxes in Office 365. It lacks error handling for failed mailbox operations.

6. **Check-Hardware.ps1**: This script checks various hardware components but relies on external scripts without verifying their existence, which could lead to execution errors.

7. **Check-Windows-System-Files.ps1**: This script checks the validity of Windows system files but does not handle potential errors from the `sfc` command.

8. **Create-ContactsOnAD.ps1**: This script adds contacts to Active Directory using data from a CSV file. It lacks error handling for failed contact creation.

## Recommendations

1. **Enhance Error Handling**: Implement Try/Catch blocks in all scripts to handle potential errors gracefully. This will improve script reliability and provide better feedback during execution.

2. **Secure Credentials**: Avoid hardcoded credentials in scripts like `Create-LocalAdminAccount.ps1`. Use secure methods to handle sensitive information, such as prompting for credentials or using encrypted storage.

3. **Verify Dependencies**: Ensure all scripts verify the existence of required modules and external scripts before execution. This will prevent runtime errors due to missing dependencies.

4. **Implement Module Checks**: For scripts interacting with Office 365 or Active Directory, check for the presence of necessary modules (e.g., MSOnline, ActiveDirectory) before proceeding with operations.

5. **Address Hybrid Capability Gaps**: Develop scripts to cover missing hybrid capabilities, such as Entra ID Connect Delta Sync Force and Local AD/M365 Account Lifecycle Syncing. Ensure these scripts include robust error handling and module checks.

6. **Improve Logging**: Enhance logging mechanisms to provide detailed execution traces and error messages. This will aid in troubleshooting and auditing script operations.

7. **Integration with CityAdminConsole**: Map existing and newly created scripts into the CityAdminConsole framework/menu structure. Document any remaining unmapped UI actions and provide code snippets for manual integration where necessary.

By addressing these recommendations, the scripts can be made more robust, secure, and capable of supporting the required hybrid IT administration capabilities.

[tank] plan acknowledged by user
